<?xml version="1.0"?>
<link_info>
   <banner>TI ARM Linker PC v16.9.6.LTS</banner>
   <copyright>Copyright (c) 1996-2017 Texas Instruments Incorporated</copyright>
   <link_time>0x5ad8df7d</link_time>
   <link_errors>0x0</link_errors>
   <output_file>KibbleBalance.out</output_file>
   <entry_point>
      <name>_c_int00</name>
      <address>0x460d</address>
   </entry_point>
   <input_file_list>
      <input_file id="fl-2">
         <path>.\</path>
         <kind>object</kind>
         <file>IO.obj</file>
         <name>IO.obj</name>
      </input_file>
      <input_file id="fl-3">
         <path>.\</path>
         <kind>object</kind>
         <file>main.obj</file>
         <name>main.obj</name>
      </input_file>
      <input_file id="fl-4">
         <path>.\</path>
         <kind>object</kind>
         <file>pwm.obj</file>
         <name>pwm.obj</name>
      </input_file>
      <input_file id="fl-5">
         <path>.\</path>
         <kind>object</kind>
         <file>tm4c123gh6pm_startup_ccs.obj</file>
         <name>tm4c123gh6pm_startup_ccs.obj</name>
      </input_file>
      <input_file id="fl-6">
         <path>.\</path>
         <kind>object</kind>
         <file>uartstdio.obj</file>
         <name>uartstdio.obj</name>
      </input_file>
      <input_file id="fl-b">
         <kind>object</kind>
         <file>&lt;internal&gt;</file>
         <name>&lt;internal&gt;</name>
      </input_file>
      <input_file id="fl-c">
         <path>C:\ti\TivaWare_C_Series-2.1.4.178\driverlib\ccs\Debug\</path>
         <kind>archive</kind>
         <file>driverlib.lib</file>
         <name>gpio.obj</name>
      </input_file>
      <input_file id="fl-d">
         <path>C:\ti\TivaWare_C_Series-2.1.4.178\driverlib\ccs\Debug\</path>
         <kind>archive</kind>
         <file>driverlib.lib</file>
         <name>interrupt.obj</name>
      </input_file>
      <input_file id="fl-e">
         <path>C:\ti\TivaWare_C_Series-2.1.4.178\driverlib\ccs\Debug\</path>
         <kind>archive</kind>
         <file>driverlib.lib</file>
         <name>pwm.obj</name>
      </input_file>
      <input_file id="fl-f">
         <path>C:\ti\TivaWare_C_Series-2.1.4.178\driverlib\ccs\Debug\</path>
         <kind>archive</kind>
         <file>driverlib.lib</file>
         <name>sysctl.obj</name>
      </input_file>
      <input_file id="fl-10">
         <path>C:\ti\TivaWare_C_Series-2.1.4.178\driverlib\ccs\Debug\</path>
         <kind>archive</kind>
         <file>driverlib.lib</file>
         <name>timer.obj</name>
      </input_file>
      <input_file id="fl-11">
         <path>C:\ti\TivaWare_C_Series-2.1.4.178\driverlib\ccs\Debug\</path>
         <kind>archive</kind>
         <file>driverlib.lib</file>
         <name>uart.obj</name>
      </input_file>
      <input_file id="fl-12">
         <path>C:\ti\TivaWare_C_Series-2.1.4.178\driverlib\ccs\Debug\</path>
         <kind>archive</kind>
         <file>driverlib.lib</file>
         <name>cpu.obj</name>
      </input_file>
      <input_file id="fl-c8">
         <path>C:\ti\ccsv7\tools\compiler\ti-cgt-arm_16.9.6.LTS\lib\</path>
         <kind>archive</kind>
         <file>rtsv7M4_T_le_v4SPD16_eabi.lib</file>
         <name>boot.obj</name>
      </input_file>
      <input_file id="fl-c9">
         <path>C:\ti\ccsv7\tools\compiler\ti-cgt-arm_16.9.6.LTS\lib\</path>
         <kind>archive</kind>
         <file>rtsv7M4_T_le_v4SPD16_eabi.lib</file>
         <name>copy_decompress_lzss.obj</name>
      </input_file>
      <input_file id="fl-ca">
         <path>C:\ti\ccsv7\tools\compiler\ti-cgt-arm_16.9.6.LTS\lib\</path>
         <kind>archive</kind>
         <file>rtsv7M4_T_le_v4SPD16_eabi.lib</file>
         <name>copy_decompress_none.obj</name>
      </input_file>
      <input_file id="fl-cb">
         <path>C:\ti\ccsv7\tools\compiler\ti-cgt-arm_16.9.6.LTS\lib\</path>
         <kind>archive</kind>
         <file>rtsv7M4_T_le_v4SPD16_eabi.lib</file>
         <name>copy_zero_init.obj</name>
      </input_file>
      <input_file id="fl-cc">
         <path>C:\ti\ccsv7\tools\compiler\ti-cgt-arm_16.9.6.LTS\lib\</path>
         <kind>archive</kind>
         <file>rtsv7M4_T_le_v4SPD16_eabi.lib</file>
         <name>exit.obj</name>
      </input_file>
      <input_file id="fl-cd">
         <path>C:\ti\ccsv7\tools\compiler\ti-cgt-arm_16.9.6.LTS\lib\</path>
         <kind>archive</kind>
         <file>rtsv7M4_T_le_v4SPD16_eabi.lib</file>
         <name>memcpy_t2.obj</name>
      </input_file>
      <input_file id="fl-ce">
         <path>C:\ti\ccsv7\tools\compiler\ti-cgt-arm_16.9.6.LTS\lib\</path>
         <kind>archive</kind>
         <file>rtsv7M4_T_le_v4SPD16_eabi.lib</file>
         <name>memset_t2.obj</name>
      </input_file>
      <input_file id="fl-cf">
         <path>C:\ti\ccsv7\tools\compiler\ti-cgt-arm_16.9.6.LTS\lib\</path>
         <kind>archive</kind>
         <file>rtsv7M4_T_le_v4SPD16_eabi.lib</file>
         <name>mpu_init.obj</name>
      </input_file>
      <input_file id="fl-d0">
         <path>C:\ti\ccsv7\tools\compiler\ti-cgt-arm_16.9.6.LTS\lib\</path>
         <kind>archive</kind>
         <file>rtsv7M4_T_le_v4SPD16_eabi.lib</file>
         <name>pre_init.obj</name>
      </input_file>
      <input_file id="fl-d1">
         <path>C:\ti\ccsv7\tools\compiler\ti-cgt-arm_16.9.6.LTS\lib\</path>
         <kind>archive</kind>
         <file>rtsv7M4_T_le_v4SPD16_eabi.lib</file>
         <name>sprintf.obj</name>
      </input_file>
      <input_file id="fl-d2">
         <path>C:\ti\ccsv7\tools\compiler\ti-cgt-arm_16.9.6.LTS\lib\</path>
         <kind>archive</kind>
         <file>rtsv7M4_T_le_v4SPD16_eabi.lib</file>
         <name>sscanf.obj</name>
      </input_file>
      <input_file id="fl-d3">
         <path>C:\ti\ccsv7\tools\compiler\ti-cgt-arm_16.9.6.LTS\lib\</path>
         <kind>archive</kind>
         <file>rtsv7M4_T_le_v4SPD16_eabi.lib</file>
         <name>stkdepth_vars.obj</name>
      </input_file>
      <input_file id="fl-d4">
         <path>C:\ti\ccsv7\tools\compiler\ti-cgt-arm_16.9.6.LTS\lib\</path>
         <kind>archive</kind>
         <file>rtsv7M4_T_le_v4SPD16_eabi.lib</file>
         <name>toupper.obj</name>
      </input_file>
      <input_file id="fl-d5">
         <path>C:\ti\ccsv7\tools\compiler\ti-cgt-arm_16.9.6.LTS\lib\</path>
         <kind>archive</kind>
         <file>rtsv7M4_T_le_v4SPD16_eabi.lib</file>
         <name>u_divt2.obj</name>
      </input_file>
      <input_file id="fl-d6">
         <path>C:\ti\ccsv7\tools\compiler\ti-cgt-arm_16.9.6.LTS\lib\</path>
         <kind>archive</kind>
         <file>rtsv7M4_T_le_v4SPD16_eabi.lib</file>
         <name>_lock.obj</name>
      </input_file>
      <input_file id="fl-d7">
         <path>C:\ti\ccsv7\tools\compiler\ti-cgt-arm_16.9.6.LTS\lib\</path>
         <kind>archive</kind>
         <file>rtsv7M4_T_le_v4SPD16_eabi.lib</file>
         <name>_printfi.obj</name>
      </input_file>
      <input_file id="fl-d8">
         <path>C:\ti\ccsv7\tools\compiler\ti-cgt-arm_16.9.6.LTS\lib\</path>
         <kind>archive</kind>
         <file>rtsv7M4_T_le_v4SPD16_eabi.lib</file>
         <name>_scanfi.obj</name>
      </input_file>
      <input_file id="fl-d9">
         <path>C:\ti\ccsv7\tools\compiler\ti-cgt-arm_16.9.6.LTS\lib\</path>
         <kind>archive</kind>
         <file>rtsv7M4_T_le_v4SPD16_eabi.lib</file>
         <name>args_main.obj</name>
      </input_file>
      <input_file id="fl-da">
         <path>C:\ti\ccsv7\tools\compiler\ti-cgt-arm_16.9.6.LTS\lib\</path>
         <kind>archive</kind>
         <file>rtsv7M4_T_le_v4SPD16_eabi.lib</file>
         <name>atoi.obj</name>
      </input_file>
      <input_file id="fl-db">
         <path>C:\ti\ccsv7\tools\compiler\ti-cgt-arm_16.9.6.LTS\lib\</path>
         <kind>archive</kind>
         <file>rtsv7M4_T_le_v4SPD16_eabi.lib</file>
         <name>autoinit.obj</name>
      </input_file>
      <input_file id="fl-dc">
         <path>C:\ti\ccsv7\tools\compiler\ti-cgt-arm_16.9.6.LTS\lib\</path>
         <kind>archive</kind>
         <file>rtsv7M4_T_le_v4SPD16_eabi.lib</file>
         <name>cpy_tbl.obj</name>
      </input_file>
      <input_file id="fl-dd">
         <path>C:\ti\ccsv7\tools\compiler\ti-cgt-arm_16.9.6.LTS\lib\</path>
         <kind>archive</kind>
         <file>rtsv7M4_T_le_v4SPD16_eabi.lib</file>
         <name>ctype.obj</name>
      </input_file>
      <input_file id="fl-de">
         <path>C:\ti\ccsv7\tools\compiler\ti-cgt-arm_16.9.6.LTS\lib\</path>
         <kind>archive</kind>
         <file>rtsv7M4_T_le_v4SPD16_eabi.lib</file>
         <name>fd_add_t2.obj</name>
      </input_file>
      <input_file id="fl-df">
         <path>C:\ti\ccsv7\tools\compiler\ti-cgt-arm_16.9.6.LTS\lib\</path>
         <kind>archive</kind>
         <file>rtsv7M4_T_le_v4SPD16_eabi.lib</file>
         <name>fd_cmp_t2.obj</name>
      </input_file>
      <input_file id="fl-e0">
         <path>C:\ti\ccsv7\tools\compiler\ti-cgt-arm_16.9.6.LTS\lib\</path>
         <kind>archive</kind>
         <file>rtsv7M4_T_le_v4SPD16_eabi.lib</file>
         <name>fd_div_t2.obj</name>
      </input_file>
      <input_file id="fl-e1">
         <path>C:\ti\ccsv7\tools\compiler\ti-cgt-arm_16.9.6.LTS\lib\</path>
         <kind>archive</kind>
         <file>rtsv7M4_T_le_v4SPD16_eabi.lib</file>
         <name>fd_mul_t2.obj</name>
      </input_file>
      <input_file id="fl-e2">
         <path>C:\ti\ccsv7\tools\compiler\ti-cgt-arm_16.9.6.LTS\lib\</path>
         <kind>archive</kind>
         <file>rtsv7M4_T_le_v4SPD16_eabi.lib</file>
         <name>fd_toi_t2.obj</name>
      </input_file>
      <input_file id="fl-e3">
         <path>C:\ti\ccsv7\tools\compiler\ti-cgt-arm_16.9.6.LTS\lib\</path>
         <kind>archive</kind>
         <file>rtsv7M4_T_le_v4SPD16_eabi.lib</file>
         <name>fd_tos_t2.obj</name>
      </input_file>
      <input_file id="fl-e4">
         <path>C:\ti\ccsv7\tools\compiler\ti-cgt-arm_16.9.6.LTS\lib\</path>
         <kind>archive</kind>
         <file>rtsv7M4_T_le_v4SPD16_eabi.lib</file>
         <name>i_div0.obj</name>
      </input_file>
      <input_file id="fl-e5">
         <path>C:\ti\ccsv7\tools\compiler\ti-cgt-arm_16.9.6.LTS\lib\</path>
         <kind>archive</kind>
         <file>rtsv7M4_T_le_v4SPD16_eabi.lib</file>
         <name>i_tofd_t2.obj</name>
      </input_file>
      <input_file id="fl-e6">
         <path>C:\ti\ccsv7\tools\compiler\ti-cgt-arm_16.9.6.LTS\lib\</path>
         <kind>archive</kind>
         <file>rtsv7M4_T_le_v4SPD16_eabi.lib</file>
         <name>ltoa.obj</name>
      </input_file>
      <input_file id="fl-e7">
         <path>C:\ti\ccsv7\tools\compiler\ti-cgt-arm_16.9.6.LTS\lib\</path>
         <kind>archive</kind>
         <file>rtsv7M4_T_le_v4SPD16_eabi.lib</file>
         <name>memccpy.obj</name>
      </input_file>
      <input_file id="fl-e8">
         <path>C:\ti\ccsv7\tools\compiler\ti-cgt-arm_16.9.6.LTS\lib\</path>
         <kind>archive</kind>
         <file>rtsv7M4_T_le_v4SPD16_eabi.lib</file>
         <name>s_frexp.obj</name>
      </input_file>
      <input_file id="fl-e9">
         <path>C:\ti\ccsv7\tools\compiler\ti-cgt-arm_16.9.6.LTS\lib\</path>
         <kind>archive</kind>
         <file>rtsv7M4_T_le_v4SPD16_eabi.lib</file>
         <name>s_scalbn.obj</name>
      </input_file>
      <input_file id="fl-ea">
         <path>C:\ti\ccsv7\tools\compiler\ti-cgt-arm_16.9.6.LTS\lib\</path>
         <kind>archive</kind>
         <file>rtsv7M4_T_le_v4SPD16_eabi.lib</file>
         <name>startup.obj</name>
      </input_file>
      <input_file id="fl-eb">
         <path>C:\ti\ccsv7\tools\compiler\ti-cgt-arm_16.9.6.LTS\lib\</path>
         <kind>archive</kind>
         <file>rtsv7M4_T_le_v4SPD16_eabi.lib</file>
         <name>strchr.obj</name>
      </input_file>
      <input_file id="fl-ec">
         <path>C:\ti\ccsv7\tools\compiler\ti-cgt-arm_16.9.6.LTS\lib\</path>
         <kind>archive</kind>
         <file>rtsv7M4_T_le_v4SPD16_eabi.lib</file>
         <name>strcpy.obj</name>
      </input_file>
      <input_file id="fl-ed">
         <path>C:\ti\ccsv7\tools\compiler\ti-cgt-arm_16.9.6.LTS\lib\</path>
         <kind>archive</kind>
         <file>rtsv7M4_T_le_v4SPD16_eabi.lib</file>
         <name>strlen.obj</name>
      </input_file>
      <input_file id="fl-ee">
         <path>C:\ti\ccsv7\tools\compiler\ti-cgt-arm_16.9.6.LTS\lib\</path>
         <kind>archive</kind>
         <file>rtsv7M4_T_le_v4SPD16_eabi.lib</file>
         <name>strrchr.obj</name>
      </input_file>
      <input_file id="fl-ef">
         <path>C:\ti\ccsv7\tools\compiler\ti-cgt-arm_16.9.6.LTS\lib\</path>
         <kind>archive</kind>
         <file>rtsv7M4_T_le_v4SPD16_eabi.lib</file>
         <name>strtod.obj</name>
      </input_file>
      <input_file id="fl-f0">
         <path>C:\ti\ccsv7\tools\compiler\ti-cgt-arm_16.9.6.LTS\lib\</path>
         <kind>archive</kind>
         <file>rtsv7M4_T_le_v4SPD16_eabi.lib</file>
         <name>strtol.obj</name>
      </input_file>
      <input_file id="fl-f1">
         <path>C:\ti\ccsv7\tools\compiler\ti-cgt-arm_16.9.6.LTS\lib\</path>
         <kind>archive</kind>
         <file>rtsv7M4_T_le_v4SPD16_eabi.lib</file>
         <name>strtoll.obj</name>
      </input_file>
      <input_file id="fl-f2">
         <path>C:\ti\ccsv7\tools\compiler\ti-cgt-arm_16.9.6.LTS\lib\</path>
         <kind>archive</kind>
         <file>rtsv7M4_T_le_v4SPD16_eabi.lib</file>
         <name>strtoul.obj</name>
      </input_file>
      <input_file id="fl-f3">
         <path>C:\ti\ccsv7\tools\compiler\ti-cgt-arm_16.9.6.LTS\lib\</path>
         <kind>archive</kind>
         <file>rtsv7M4_T_le_v4SPD16_eabi.lib</file>
         <name>strtoull.obj</name>
      </input_file>
      <input_file id="fl-f4">
         <path>C:\ti\ccsv7\tools\compiler\ti-cgt-arm_16.9.6.LTS\lib\</path>
         <kind>archive</kind>
         <file>rtsv7M4_T_le_v4SPD16_eabi.lib</file>
         <name>ull_div_t2.obj</name>
      </input_file>
      <input_file id="fl-f5">
         <path>C:\ti\ccsv7\tools\compiler\ti-cgt-arm_16.9.6.LTS\lib\</path>
         <kind>archive</kind>
         <file>rtsv7M4_T_le_v4SPD16_eabi.lib</file>
         <name>errno.obj</name>
      </input_file>
      <input_file id="fl-f6">
         <path>C:\ti\ccsv7\tools\compiler\ti-cgt-arm_16.9.6.LTS\lib\</path>
         <kind>archive</kind>
         <file>rtsv7M4_T_le_v4SPD16_eabi.lib</file>
         <name>ll_mul_t2.obj</name>
      </input_file>
      <input_file id="fl-f7">
         <path>C:\ti\ccsv7\tools\compiler\ti-cgt-arm_16.9.6.LTS\lib\</path>
         <kind>archive</kind>
         <file>rtsv7M4_T_le_v4SPD16_eabi.lib</file>
         <name>s_copysign.obj</name>
      </input_file>
   </input_file_list>
   <object_component_list>
      <object_component id="oc-f">
         <name>.intvecs</name>
         <load_address>0x0</load_address>
         <run_address>0x0</run_address>
         <size>0x26c</size>
         <input_file_ref idref="fl-5"/>
      </object_component>
      <object_component id="oc-29a">
         <name>.text</name>
         <load_address>0x26c</load_address>
         <run_address>0x26c</run_address>
         <size>0x113e</size>
         <input_file_ref idref="fl-d7"/>
      </object_component>
      <object_component id="oc-1cf">
         <name>.text</name>
         <load_address>0x13aa</load_address>
         <run_address>0x13aa</run_address>
         <size>0x2</size>
         <input_file_ref idref="fl-e4"/>
      </object_component>
      <object_component id="oc-2a6">
         <name>.text</name>
         <load_address>0x13ac</load_address>
         <run_address>0x13ac</run_address>
         <size>0x898</size>
         <input_file_ref idref="fl-d8"/>
      </object_component>
      <object_component id="oc-31">
         <name>.text</name>
         <load_address>0x1c44</load_address>
         <run_address>0x1c44</run_address>
         <size>0x878</size>
         <input_file_ref idref="fl-6"/>
      </object_component>
      <object_component id="oc-16e">
         <name>.text</name>
         <load_address>0x24bc</load_address>
         <run_address>0x24bc</run_address>
         <size>0x6f0</size>
         <input_file_ref idref="fl-4"/>
      </object_component>
      <object_component id="oc-37">
         <name>.text</name>
         <load_address>0x2bac</load_address>
         <run_address>0x2bac</run_address>
         <size>0x264</size>
         <input_file_ref idref="fl-3"/>
      </object_component>
      <object_component id="oc-33c">
         <name>.text</name>
         <load_address>0x2e10</load_address>
         <run_address>0x2e10</run_address>
         <size>0x23c</size>
         <input_file_ref idref="fl-ef"/>
      </object_component>
      <object_component id="oc-2c5">
         <name>.text</name>
         <load_address>0x304c</load_address>
         <run_address>0x304c</run_address>
         <size>0x1f4</size>
         <input_file_ref idref="fl-f4"/>
      </object_component>
      <object_component id="oc-34d">
         <name>.text</name>
         <load_address>0x3240</load_address>
         <run_address>0x3240</run_address>
         <size>0x1dc</size>
         <input_file_ref idref="fl-f1"/>
      </object_component>
      <object_component id="oc-2f4">
         <name>.text</name>
         <load_address>0x341c</load_address>
         <run_address>0x341c</run_address>
         <size>0x1b6</size>
         <input_file_ref idref="fl-de"/>
      </object_component>
      <object_component id="oc-63">
         <name>.text</name>
         <load_address>0x35d2</load_address>
         <run_address>0x35d2</run_address>
         <size>0x2</size>
         <input_file_ref idref="fl-cf"/>
      </object_component>
      <object_component id="oc-336">
         <name>.text</name>
         <load_address>0x35d4</load_address>
         <run_address>0x35d4</run_address>
         <size>0x15c</size>
         <input_file_ref idref="fl-f3"/>
      </object_component>
      <object_component id="oc-2da">
         <name>.text</name>
         <load_address>0x3730</load_address>
         <run_address>0x3730</run_address>
         <size>0x136</size>
         <input_file_ref idref="fl-e0"/>
      </object_component>
      <object_component id="oc-195">
         <name>.text</name>
         <load_address>0x3866</load_address>
         <run_address>0x3866</run_address>
         <size>0x2</size>
         <input_file_ref idref="fl-ea"/>
      </object_component>
      <object_component id="oc-347">
         <name>.text</name>
         <load_address>0x3868</load_address>
         <run_address>0x3868</run_address>
         <size>0x134</size>
         <input_file_ref idref="fl-f0"/>
      </object_component>
      <object_component id="oc-1fe">
         <name>.text:GPIOPadConfigSet</name>
         <load_address>0x399c</load_address>
         <run_address>0x399c</run_address>
         <size>0x132</size>
         <input_file_ref idref="fl-c"/>
      </object_component>
      <object_component id="oc-330">
         <name>.text</name>
         <load_address>0x3ad0</load_address>
         <run_address>0x3ad0</run_address>
         <size>0x114</size>
         <input_file_ref idref="fl-f2"/>
      </object_component>
      <object_component id="oc-144">
         <name>.text:SysCtlClockGet</name>
         <load_address>0x3be4</load_address>
         <run_address>0x3be4</run_address>
         <size>0x110</size>
         <input_file_ref idref="fl-f"/>
      </object_component>
      <object_component id="oc-2d5">
         <name>.text</name>
         <load_address>0x3cf4</load_address>
         <run_address>0x3cf4</run_address>
         <size>0xfc</size>
         <input_file_ref idref="fl-e1"/>
      </object_component>
      <object_component id="oc-2ff">
         <name>.text</name>
         <load_address>0x3df0</load_address>
         <run_address>0x3df0</run_address>
         <size>0xfc</size>
         <input_file_ref idref="fl-e9"/>
      </object_component>
      <object_component id="oc-11a">
         <name>.text:SysCtlClockSet</name>
         <load_address>0x3eec</load_address>
         <run_address>0x3eec</run_address>
         <size>0xf4</size>
         <input_file_ref idref="fl-f"/>
      </object_component>
      <object_component id="oc-225">
         <name>.text</name>
         <load_address>0x3fe0</load_address>
         <run_address>0x3fe0</run_address>
         <size>0xcc</size>
         <input_file_ref idref="fl-d2"/>
      </object_component>
      <object_component id="oc-4b">
         <name>.text</name>
         <load_address>0x40ac</load_address>
         <run_address>0x40ac</run_address>
         <size>0x9c</size>
         <input_file_ref idref="fl-cd"/>
      </object_component>
      <object_component id="oc-2d0">
         <name>.text:__aeabi_cdcmple</name>
         <load_address>0x4148</load_address>
         <run_address>0x4148</run_address>
         <size>0x86</size>
         <input_file_ref idref="fl-df"/>
      </object_component>
      <object_component id="oc-2df">
         <name>.text:__aeabi_cdrcmple</name>
         <load_address>0x41ce</load_address>
         <run_address>0x41ce</run_address>
         <size>0x86</size>
         <input_file_ref idref="fl-df"/>
      </object_component>
      <object_component id="oc-57">
         <name>.text</name>
         <load_address>0x4254</load_address>
         <run_address>0x4254</run_address>
         <size>0x7a</size>
         <input_file_ref idref="fl-ce"/>
      </object_component>
      <object_component id="oc-6f">
         <name>.text</name>
         <load_address>0x42d0</load_address>
         <run_address>0x42d0</run_address>
         <size>0x70</size>
         <input_file_ref idref="fl-db"/>
      </object_component>
      <object_component id="oc-342">
         <name>.text</name>
         <load_address>0x4340</load_address>
         <run_address>0x4340</run_address>
         <size>0x6e</size>
         <input_file_ref idref="fl-e3"/>
      </object_component>
      <object_component id="oc-86">
         <name>.text:IntDisable</name>
         <load_address>0x43b0</load_address>
         <run_address>0x43b0</run_address>
         <size>0x68</size>
         <input_file_ref idref="fl-d"/>
      </object_component>
      <object_component id="oc-98">
         <name>.text:IntEnable</name>
         <load_address>0x4418</load_address>
         <run_address>0x4418</run_address>
         <size>0x68</size>
         <input_file_ref idref="fl-d"/>
      </object_component>
      <object_component id="oc-12">
         <name>.text:decompress:lzss</name>
         <load_address>0x4480</load_address>
         <run_address>0x4480</run_address>
         <size>0x68</size>
         <input_file_ref idref="fl-c9"/>
      </object_component>
      <object_component id="oc-2f9">
         <name>.text</name>
         <load_address>0x44e8</load_address>
         <run_address>0x44e8</run_address>
         <size>0x64</size>
         <input_file_ref idref="fl-e8"/>
      </object_component>
      <object_component id="oc-14a">
         <name>.text:TimerConfigure</name>
         <load_address>0x454c</load_address>
         <run_address>0x454c</run_address>
         <size>0x60</size>
         <input_file_ref idref="fl-10"/>
      </object_component>
      <object_component id="oc-219">
         <name>.text</name>
         <load_address>0x45ac</load_address>
         <run_address>0x45ac</run_address>
         <size>0x60</size>
         <input_file_ref idref="fl-d1"/>
      </object_component>
      <object_component id="oc-24">
         <name>.text</name>
         <load_address>0x460c</load_address>
         <run_address>0x460c</run_address>
         <size>0x54</size>
         <input_file_ref idref="fl-c8"/>
      </object_component>
      <object_component id="oc-7b">
         <name>.text</name>
         <load_address>0x4660</load_address>
         <run_address>0x4660</run_address>
         <size>0x54</size>
         <input_file_ref idref="fl-cc"/>
      </object_component>
      <object_component id="oc-2e9">
         <name>.text</name>
         <load_address>0x46b4</load_address>
         <run_address>0x46b4</run_address>
         <size>0x54</size>
         <input_file_ref idref="fl-e6"/>
      </object_component>
      <object_component id="oc-30b">
         <name>.text</name>
         <load_address>0x4708</load_address>
         <run_address>0x4708</run_address>
         <size>0x4c</size>
         <input_file_ref idref="fl-da"/>
      </object_component>
      <object_component id="oc-18f">
         <name>.text</name>
         <load_address>0x4754</load_address>
         <run_address>0x4754</run_address>
         <size>0x4c</size>
         <input_file_ref idref="fl-dc"/>
      </object_component>
      <object_component id="oc-12c">
         <name>.text:GPIOPinConfigure</name>
         <load_address>0x47a0</load_address>
         <run_address>0x47a0</run_address>
         <size>0x48</size>
         <input_file_ref idref="fl-c"/>
      </object_component>
      <object_component id="oc-2e4">
         <name>.text</name>
         <load_address>0x47e8</load_address>
         <run_address>0x47e8</run_address>
         <size>0x48</size>
         <input_file_ref idref="fl-e2"/>
      </object_component>
      <object_component id="oc-aa">
         <name>.text:UARTConfigSetExpClk</name>
         <load_address>0x4830</load_address>
         <run_address>0x4830</run_address>
         <size>0x46</size>
         <input_file_ref idref="fl-11"/>
      </object_component>
      <object_component id="oc-dd">
         <name>.text</name>
         <load_address>0x4876</load_address>
         <run_address>0x4876</run_address>
         <size>0x40</size>
         <input_file_ref idref="fl-d5"/>
      </object_component>
      <object_component id="oc-9e">
         <name>.text:SysCtlPeripheralPresent</name>
         <load_address>0x48b8</load_address>
         <run_address>0x48b8</run_address>
         <size>0x38</size>
         <input_file_ref idref="fl-f"/>
      </object_component>
      <object_component id="oc-a4">
         <name>.text:SysCtlPeripheralEnable</name>
         <load_address>0x48f0</load_address>
         <run_address>0x48f0</run_address>
         <size>0x34</size>
         <input_file_ref idref="fl-f"/>
      </object_component>
      <object_component id="oc-162">
         <name>.text</name>
         <load_address>0x4924</load_address>
         <run_address>0x4924</run_address>
         <size>0x32</size>
         <input_file_ref idref="fl-2"/>
      </object_component>
      <object_component id="oc-2ef">
         <name>.text</name>
         <load_address>0x4956</load_address>
         <run_address>0x4956</run_address>
         <size>0x2e</size>
         <input_file_ref idref="fl-e5"/>
      </object_component>
      <object_component id="oc-1f8">
         <name>.text:GPIODirModeSet</name>
         <load_address>0x4984</load_address>
         <run_address>0x4984</run_address>
         <size>0x2a</size>
         <input_file_ref idref="fl-c"/>
      </object_component>
      <object_component id="oc-22c">
         <name>.text:PWMGenConfigure</name>
         <load_address>0x49ae</load_address>
         <run_address>0x49ae</run_address>
         <size>0x22</size>
         <input_file_ref idref="fl-e"/>
      </object_component>
      <object_component id="oc-1b6">
         <name>.text:UARTDisable</name>
         <load_address>0x49d0</load_address>
         <run_address>0x49d0</run_address>
         <size>0x20</size>
         <input_file_ref idref="fl-11"/>
      </object_component>
      <object_component id="oc-238">
         <name>.text:PWMPulseWidthSet</name>
         <load_address>0x49f0</load_address>
         <run_address>0x49f0</run_address>
         <size>0x1e</size>
         <input_file_ref idref="fl-e"/>
      </object_component>
      <object_component id="oc-311">
         <name>.text</name>
         <load_address>0x4a0e</load_address>
         <run_address>0x4a0e</run_address>
         <size>0x1c</size>
         <input_file_ref idref="fl-e7"/>
      </object_component>
      <object_component id="oc-75">
         <name>.text</name>
         <load_address>0x4a2c</load_address>
         <run_address>0x4a2c</run_address>
         <size>0x18</size>
         <input_file_ref idref="fl-d9"/>
      </object_component>
      <object_component id="oc-395">
         <name>.text</name>
         <load_address>0x4a44</load_address>
         <run_address>0x4a44</run_address>
         <size>0x18</size>
         <input_file_ref idref="fl-f6"/>
      </object_component>
      <object_component id="oc-32a">
         <name>.text</name>
         <load_address>0x4a5c</load_address>
         <run_address>0x4a5c</run_address>
         <size>0x18</size>
         <input_file_ref idref="fl-ee"/>
      </object_component>
      <object_component id="oc-305">
         <name>.text</name>
         <load_address>0x4a74</load_address>
         <run_address>0x4a74</run_address>
         <size>0x16</size>
         <input_file_ref idref="fl-eb"/>
      </object_component>
      <object_component id="oc-120">
         <name>.text:SysCtlPWMClockSet</name>
         <load_address>0x4a8c</load_address>
         <run_address>0x4a8c</run_address>
         <size>0x14</size>
         <input_file_ref idref="fl-f"/>
      </object_component>
      <object_component id="oc-c2">
         <name>.text:UARTEnable</name>
         <load_address>0x4aa0</load_address>
         <run_address>0x4aa0</run_address>
         <size>0x14</size>
         <input_file_ref idref="fl-11"/>
      </object_component>
      <object_component id="oc-265">
         <name>.text</name>
         <load_address>0x4ab4</load_address>
         <run_address>0x4ab4</run_address>
         <size>0x14</size>
         <input_file_ref idref="fl-d6"/>
      </object_component>
      <object_component id="oc-379">
         <name>.text</name>
         <load_address>0x4ac8</load_address>
         <run_address>0x4ac8</run_address>
         <size>0x14</size>
         <input_file_ref idref="fl-f7"/>
      </object_component>
      <object_component id="oc-353">
         <name>.text</name>
         <load_address>0x4adc</load_address>
         <run_address>0x4adc</run_address>
         <size>0x14</size>
         <input_file_ref idref="fl-ec"/>
      </object_component>
      <object_component id="oc-2ca">
         <name>.text</name>
         <load_address>0x4af0</load_address>
         <run_address>0x4af0</run_address>
         <size>0x14</size>
         <input_file_ref idref="fl-ed"/>
      </object_component>
      <object_component id="oc-132">
         <name>.text:GPIOPinTypePWM</name>
         <load_address>0x4b04</load_address>
         <run_address>0x4b04</run_address>
         <size>0x12</size>
         <input_file_ref idref="fl-c"/>
      </object_component>
      <object_component id="oc-138">
         <name>.text:GPIOPinTypeUART</name>
         <load_address>0x4b16</load_address>
         <run_address>0x4b16</run_address>
         <size>0x12</size>
         <input_file_ref idref="fl-c"/>
      </object_component>
      <object_component id="oc-244">
         <name>.text:PWMOutputState</name>
         <load_address>0x4b28</load_address>
         <run_address>0x4b28</run_address>
         <size>0x12</size>
         <input_file_ref idref="fl-e"/>
      </object_component>
      <object_component id="oc-150">
         <name>.text:TimerLoadSet</name>
         <load_address>0x4b3a</load_address>
         <run_address>0x4b3a</run_address>
         <size>0x12</size>
         <input_file_ref idref="fl-10"/>
      </object_component>
      <object_component id="oc-e2">
         <name>.text:IntMasterDisable</name>
         <load_address>0x4b4c</load_address>
         <run_address>0x4b4c</run_address>
         <size>0x10</size>
         <input_file_ref idref="fl-d"/>
      </object_component>
      <object_component id="oc-e8">
         <name>.text:IntMasterEnable</name>
         <load_address>0x4b5c</load_address>
         <run_address>0x4b5c</run_address>
         <size>0x10</size>
         <input_file_ref idref="fl-d"/>
      </object_component>
      <object_component id="oc-232">
         <name>.text:PWMGenPeriodSet</name>
         <load_address>0x4b6c</load_address>
         <run_address>0x4b6c</run_address>
         <size>0x10</size>
         <input_file_ref idref="fl-e"/>
      </object_component>
      <object_component id="oc-168">
         <name>.text</name>
         <load_address>0x4b7c</load_address>
         <run_address>0x4b7c</run_address>
         <size>0x10</size>
         <input_file_ref idref="fl-d4"/>
      </object_component>
      <object_component id="oc-15c">
         <name>.text:TimerEnable</name>
         <load_address>0x4b8c</load_address>
         <run_address>0x4b8c</run_address>
         <size>0xe</size>
         <input_file_ref idref="fl-10"/>
      </object_component>
      <object_component id="oc-fd">
         <name>.text:UARTCharGetNonBlocking</name>
         <load_address>0x4b9a</load_address>
         <run_address>0x4b9a</run_address>
         <size>0xe</size>
         <input_file_ref idref="fl-11"/>
      </object_component>
      <object_component id="oc-8c">
         <name>.text:UARTCharPutNonBlocking</name>
         <load_address>0x4ba8</load_address>
         <run_address>0x4ba8</run_address>
         <size>0xe</size>
         <input_file_ref idref="fl-11"/>
      </object_component>
      <object_component id="oc-103">
         <name>.text:UARTCharsAvail</name>
         <load_address>0x4bb6</load_address>
         <run_address>0x4bb6</run_address>
         <size>0xe</size>
         <input_file_ref idref="fl-11"/>
      </object_component>
      <object_component id="oc-92">
         <name>.text:UARTSpaceAvail</name>
         <load_address>0x4bc4</load_address>
         <run_address>0x4bc4</run_address>
         <size>0xe</size>
         <input_file_ref idref="fl-11"/>
      </object_component>
      <object_component id="oc-18">
         <name>.text:decompress:none</name>
         <load_address>0x4bd2</load_address>
         <run_address>0x4bd2</run_address>
         <size>0xe</size>
         <input_file_ref idref="fl-ca"/>
      </object_component>
      <object_component id="oc-1d6">
         <name>.text:CPUcpsid</name>
         <load_address>0x4be0</load_address>
         <run_address>0x4be0</run_address>
         <size>0xc</size>
         <input_file_ref idref="fl-12"/>
      </object_component>
      <object_component id="oc-1dd">
         <name>.text:CPUcpsie</name>
         <load_address>0x4bec</load_address>
         <run_address>0x4bec</run_address>
         <size>0xc</size>
         <input_file_ref idref="fl-12"/>
      </object_component>
      <object_component id="oc-23e">
         <name>.text:PWMGenEnable</name>
         <load_address>0x4bf8</load_address>
         <run_address>0x4bf8</run_address>
         <size>0xc</size>
         <input_file_ref idref="fl-e"/>
      </object_component>
      <object_component id="oc-1e">
         <name>.text:decompress:ZI</name>
         <load_address>0x4c04</load_address>
         <run_address>0x4c04</run_address>
         <size>0xc</size>
         <input_file_ref idref="fl-cb"/>
      </object_component>
      <object_component id="oc-2b">
         <name>.text</name>
         <load_address>0x4c10</load_address>
         <run_address>0x4c10</run_address>
         <size>0xc</size>
         <input_file_ref idref="fl-5"/>
      </object_component>
      <object_component id="oc-b6">
         <name>.text:UARTIntDisable</name>
         <load_address>0x4c1c</load_address>
         <run_address>0x4c1c</run_address>
         <size>0xa</size>
         <input_file_ref idref="fl-11"/>
      </object_component>
      <object_component id="oc-f1">
         <name>.text:UARTIntStatus</name>
         <load_address>0x4c26</load_address>
         <run_address>0x4c26</run_address>
         <size>0xa</size>
         <input_file_ref idref="fl-11"/>
      </object_component>
      <object_component id="oc-156">
         <name>.text:TimerIntEnable</name>
         <load_address>0x4c30</load_address>
         <run_address>0x4c30</run_address>
         <size>0x8</size>
         <input_file_ref idref="fl-10"/>
      </object_component>
      <object_component id="oc-bc">
         <name>.text:UARTIntEnable</name>
         <load_address>0x4c38</load_address>
         <run_address>0x4c38</run_address>
         <size>0x8</size>
         <input_file_ref idref="fl-11"/>
      </object_component>
      <object_component id="oc-1ee">
         <name>.text:SysCtlDelay</name>
         <load_address>0x4c40</load_address>
         <run_address>0x4c40</run_address>
         <size>0x6</size>
         <input_file_ref idref="fl-f"/>
      </object_component>
      <object_component id="oc-13e">
         <name>.text:UARTClockSourceSet</name>
         <load_address>0x4c46</load_address>
         <run_address>0x4c46</run_address>
         <size>0x6</size>
         <input_file_ref idref="fl-11"/>
      </object_component>
      <object_component id="oc-b0">
         <name>.text:UARTFIFOLevelSet</name>
         <load_address>0x4c4c</load_address>
         <run_address>0x4c4c</run_address>
         <size>0x6</size>
         <input_file_ref idref="fl-11"/>
      </object_component>
      <object_component id="oc-126">
         <name>.text:TimerIntClear</name>
         <load_address>0x4c52</load_address>
         <run_address>0x4c52</run_address>
         <size>0x4</size>
         <input_file_ref idref="fl-10"/>
      </object_component>
      <object_component id="oc-f7">
         <name>.text:UARTIntClear</name>
         <load_address>0x4c56</load_address>
         <run_address>0x4c56</run_address>
         <size>0x4</size>
         <input_file_ref idref="fl-11"/>
      </object_component>
      <object_component id="oc-69">
         <name>.text</name>
         <load_address>0x4c5a</load_address>
         <run_address>0x4c5a</run_address>
         <size>0x4</size>
         <input_file_ref idref="fl-d0"/>
      </object_component>
      <object_component id="oc-210">
         <name>.const:.string:_ctypes_</name>
         <load_address>0x4c60</load_address>
         <run_address>0x4c60</run_address>
         <size>0x101</size>
         <input_file_ref idref="fl-dd"/>
      </object_component>
      <object_component id="oc-ee">
         <name>.const</name>
         <load_address>0x4d64</load_address>
         <run_address>0x4d64</run_address>
         <size>0x4</size>
         <input_file_ref idref="fl-6"/>
      </object_component>
      <object_component id="oc-39c">
         <name>.const:$O1$$</name>
         <load_address>0x4d68</load_address>
         <run_address>0x4d68</run_address>
         <size>0x98</size>
         <input_file_ref idref="fl-ef"/>
      </object_component>
      <object_component id="oc-1f3">
         <name>.const:g_pui32GPIOBaseAddrs</name>
         <load_address>0x4e00</load_address>
         <run_address>0x4e00</run_address>
         <size>0x90</size>
         <input_file_ref idref="fl-c"/>
      </object_component>
      <object_component id="oc-1aa">
         <name>.const</name>
         <load_address>0x4e90</load_address>
         <run_address>0x4e90</run_address>
         <size>0x70</size>
         <input_file_ref idref="fl-d"/>
      </object_component>
      <object_component id="oc-207">
         <name>.const:g_pui32Xtals</name>
         <load_address>0x4f00</load_address>
         <run_address>0x4f00</run_address>
         <size>0x6c</size>
         <input_file_ref idref="fl-f"/>
      </object_component>
      <object_component id="oc-222">
         <name>.const:.string:$P$T1$2</name>
         <load_address>0x4f6c</load_address>
         <run_address>0x4f6c</run_address>
         <size>0x1c</size>
         <input_file_ref idref="fl-4"/>
      </object_component>
      <object_component id="oc-21f">
         <name>.const:.string:$P$T0$1</name>
         <load_address>0x4f88</load_address>
         <run_address>0x4f88</run_address>
         <size>0x1a</size>
         <input_file_ref idref="fl-4"/>
      </object_component>
      <object_component id="oc-1e4">
         <name>.const:.string</name>
         <load_address>0x4fa4</load_address>
         <run_address>0x4fa4</run_address>
         <size>0x12</size>
         <input_file_ref idref="fl-6"/>
      </object_component>
      <object_component id="oc-359">
         <name>.const:$O1$$</name>
         <load_address>0x4fb8</load_address>
         <run_address>0x4fb8</run_address>
         <size>0x10</size>
         <input_file_ref idref="fl-d8"/>
      </object_component>
      <object_component id="oc-d7">
         <name>.const:g_ui32UARTBase</name>
         <load_address>0x4fc8</load_address>
         <run_address>0x4fc8</run_address>
         <size>0xc</size>
         <input_file_ref idref="fl-6"/>
      </object_component>
      <object_component id="oc-cb">
         <name>.const:g_ui32UARTInt</name>
         <load_address>0x4fd4</load_address>
         <run_address>0x4fd4</run_address>
         <size>0xc</size>
         <input_file_ref idref="fl-6"/>
      </object_component>
      <object_component id="oc-d4">
         <name>.const:g_ui32UARTPeriph</name>
         <load_address>0x4fe0</load_address>
         <run_address>0x4fe0</run_address>
         <size>0xc</size>
         <input_file_ref idref="fl-6"/>
      </object_component>
      <object_component id="oc-3ee">
         <name>.cinit..data.load</name>
         <load_address>0x4ff0</load_address>
         <run_address>0x4ff0</run_address>
         <size>0x12</size>
      </object_component>
      <object_component id="oc-3ec">
         <name>__TI_handler_table</name>
         <load_address>0x5004</load_address>
         <run_address>0x5004</run_address>
         <size>0xc</size>
      </object_component>
      <object_component id="oc-3ef">
         <name>.cinit..bss.load</name>
         <load_address>0x5010</load_address>
         <run_address>0x5010</run_address>
         <size>0x8</size>
      </object_component>
      <object_component id="oc-3ed">
         <name>__TI_cinit_table</name>
         <load_address>0x5018</load_address>
         <run_address>0x5018</run_address>
         <size>0x10</size>
      </object_component>
      <object_component id="oc-c8">
         <name>.data</name>
         <load_address>0x200008a4</load_address>
         <run_address>0x200008a4</run_address>
         <size>0x15</size>
         <input_file_ref idref="fl-6"/>
      </object_component>
      <object_component id="oc-19f">
         <name>.data:$O1$$</name>
         <load_address>0x200008bc</load_address>
         <run_address>0x200008bc</run_address>
         <size>0xc</size>
         <input_file_ref idref="fl-cc"/>
      </object_component>
      <object_component id="oc-81">
         <name>.data</name>
         <load_address>0x200008d4</load_address>
         <run_address>0x200008d4</run_address>
         <size>0x4</size>
         <input_file_ref idref="fl-d3"/>
      </object_component>
      <object_component id="oc-1a2">
         <name>.data:$O1$$</name>
         <load_address>0x200008c8</load_address>
         <run_address>0x200008c8</run_address>
         <size>0x8</size>
         <input_file_ref idref="fl-d6"/>
      </object_component>
      <object_component id="oc-37f">
         <name>.data</name>
         <load_address>0x200008d0</load_address>
         <run_address>0x200008d0</run_address>
         <size>0x4</size>
         <input_file_ref idref="fl-f5"/>
      </object_component>
      <object_component id="oc-ce">
         <name>.bss</name>
         <uninitialized>true</uninitialized>
         <run_address>0x20000498</run_address>
         <size>0x8</size>
         <input_file_ref idref="fl-6"/>
      </object_component>
      <object_component id="oc-d1">
         <name>.bss:g_pcUARTTxBuffer</name>
         <uninitialized>true</uninitialized>
         <run_address>0x20000000</run_address>
         <size>0x400</size>
         <input_file_ref idref="fl-6"/>
      </object_component>
      <object_component id="oc-da">
         <name>.bss:g_pcUARTRxBuffer</name>
         <uninitialized>true</uninitialized>
         <run_address>0x20000400</run_address>
         <size>0x80</size>
         <input_file_ref idref="fl-6"/>
      </object_component>
      <object_component id="oc-215">
         <name>.common:pwmA</name>
         <uninitialized>true</uninitialized>
         <run_address>0x20000480</run_address>
         <size>0xc</size>
      </object_component>
      <object_component id="oc-218">
         <name>.common:pwmB</name>
         <uninitialized>true</uninitialized>
         <run_address>0x2000048c</run_address>
         <size>0xc</size>
      </object_component>
      <object_component id="oc-22b">
         <name>.common:Laser</name>
         <uninitialized>true</uninitialized>
         <run_address>0x200004a0</run_address>
         <size>0x4</size>
      </object_component>
      <object_component id="oc-2a">
         <name>.stack</name>
         <uninitialized>true</uninitialized>
         <run_address>0x200004a4</run_address>
         <size>0x0</size>
         <input_file_ref idref="fl-c8"/>
      </object_component>
      <object_component id="oc-3f0">
         <name>.stack</name>
         <uninitialized>true</uninitialized>
         <run_address>0x200004a4</run_address>
         <size>0x0</size>
      </object_component>
      <object_component id="oc-1ed">
         <name>.debug_info</name>
         <load_address>0x0</load_address>
         <run_address>0x0</run_address>
         <size>0x2e8</size>
         <input_file_ref idref="fl-2"/>
      </object_component>
      <object_component id="oc-163">
         <name>.debug_info</name>
         <load_address>0x2e8</load_address>
         <run_address>0x2e8</run_address>
         <size>0x1ad</size>
         <input_file_ref idref="fl-2"/>
      </object_component>
      <object_component id="oc-295">
         <name>.debug_info</name>
         <load_address>0x495</load_address>
         <run_address>0x495</run_address>
         <size>0x69</size>
         <input_file_ref idref="fl-2"/>
      </object_component>
      <object_component id="oc-46">
         <name>.debug_info</name>
         <load_address>0x4fe</load_address>
         <run_address>0x4fe</run_address>
         <size>0x84</size>
         <input_file_ref idref="fl-2"/>
      </object_component>
      <object_component id="oc-110">
         <name>.debug_info</name>
         <load_address>0x582</load_address>
         <run_address>0x582</run_address>
         <size>0x18b</size>
         <input_file_ref idref="fl-2"/>
      </object_component>
      <object_component id="oc-186">
         <name>.debug_info</name>
         <load_address>0x70d</load_address>
         <run_address>0x70d</run_address>
         <size>0x2c</size>
         <input_file_ref idref="fl-2"/>
      </object_component>
      <object_component id="oc-115">
         <name>.debug_info</name>
         <load_address>0x739</load_address>
         <run_address>0x739</run_address>
         <size>0x4e</size>
         <input_file_ref idref="fl-2"/>
      </object_component>
      <object_component id="oc-3a">
         <name>.debug_info</name>
         <load_address>0x787</load_address>
         <run_address>0x787</run_address>
         <size>0x7dd</size>
         <input_file_ref idref="fl-3"/>
      </object_component>
      <object_component id="oc-10a">
         <name>.debug_info</name>
         <load_address>0xf64</load_address>
         <run_address>0xf64</run_address>
         <size>0x8b</size>
         <input_file_ref idref="fl-3"/>
      </object_component>
      <object_component id="oc-216">
         <name>.debug_info</name>
         <load_address>0xfef</load_address>
         <run_address>0xfef</run_address>
         <size>0x577</size>
         <input_file_ref idref="fl-4"/>
      </object_component>
      <object_component id="oc-220">
         <name>.debug_info</name>
         <load_address>0x1566</load_address>
         <run_address>0x1566</run_address>
         <size>0xda</size>
         <input_file_ref idref="fl-4"/>
      </object_component>
      <object_component id="oc-223">
         <name>.debug_info</name>
         <load_address>0x1640</load_address>
         <run_address>0x1640</run_address>
         <size>0xda</size>
         <input_file_ref idref="fl-4"/>
      </object_component>
      <object_component id="oc-16f">
         <name>.debug_info</name>
         <load_address>0x171a</load_address>
         <run_address>0x171a</run_address>
         <size>0x8c5</size>
         <input_file_ref idref="fl-4"/>
      </object_component>
      <object_component id="oc-3f">
         <name>.debug_info</name>
         <load_address>0x1fdf</load_address>
         <run_address>0x1fdf</run_address>
         <size>0x2ff</size>
         <input_file_ref idref="fl-5"/>
      </object_component>
      <object_component id="oc-10">
         <name>.debug_info</name>
         <load_address>0x22de</load_address>
         <run_address>0x22de</run_address>
         <size>0xfa</size>
         <input_file_ref idref="fl-5"/>
      </object_component>
      <object_component id="oc-2c">
         <name>.debug_info</name>
         <load_address>0x23d8</load_address>
         <run_address>0x23d8</run_address>
         <size>0x276</size>
         <input_file_ref idref="fl-5"/>
      </object_component>
      <object_component id="oc-10f">
         <name>.debug_info</name>
         <load_address>0x264e</load_address>
         <run_address>0x264e</run_address>
         <size>0x644</size>
         <input_file_ref idref="fl-6"/>
      </object_component>
      <object_component id="oc-cf">
         <name>.debug_info</name>
         <load_address>0x2c92</load_address>
         <run_address>0x2c92</run_address>
         <size>0x118</size>
         <input_file_ref idref="fl-6"/>
      </object_component>
      <object_component id="oc-d2">
         <name>.debug_info</name>
         <load_address>0x2daa</load_address>
         <run_address>0x2daa</run_address>
         <size>0xf2</size>
         <input_file_ref idref="fl-6"/>
      </object_component>
      <object_component id="oc-c9">
         <name>.debug_info</name>
         <load_address>0x2e9c</load_address>
         <run_address>0x2e9c</run_address>
         <size>0x1d2</size>
         <input_file_ref idref="fl-6"/>
      </object_component>
      <object_component id="oc-db">
         <name>.debug_info</name>
         <load_address>0x306e</load_address>
         <run_address>0x306e</run_address>
         <size>0xf2</size>
         <input_file_ref idref="fl-6"/>
      </object_component>
      <object_component id="oc-ef">
         <name>.debug_info</name>
         <load_address>0x3160</load_address>
         <run_address>0x3160</run_address>
         <size>0xe0</size>
         <input_file_ref idref="fl-6"/>
      </object_component>
      <object_component id="oc-d8">
         <name>.debug_info</name>
         <load_address>0x3240</load_address>
         <run_address>0x3240</run_address>
         <size>0xee</size>
         <input_file_ref idref="fl-6"/>
      </object_component>
      <object_component id="oc-cc">
         <name>.debug_info</name>
         <load_address>0x332e</load_address>
         <run_address>0x332e</run_address>
         <size>0xec</size>
         <input_file_ref idref="fl-6"/>
      </object_component>
      <object_component id="oc-d5">
         <name>.debug_info</name>
         <load_address>0x341a</load_address>
         <run_address>0x341a</run_address>
         <size>0xf2</size>
         <input_file_ref idref="fl-6"/>
      </object_component>
      <object_component id="oc-32">
         <name>.debug_info</name>
         <load_address>0x350c</load_address>
         <run_address>0x350c</run_address>
         <size>0x1248</size>
         <input_file_ref idref="fl-6"/>
      </object_component>
      <object_component id="oc-1f7">
         <name>.debug_info</name>
         <load_address>0x4754</load_address>
         <run_address>0x4754</run_address>
         <size>0x240</size>
         <input_file_ref idref="fl-c"/>
      </object_component>
      <object_component id="oc-1f4">
         <name>.debug_info</name>
         <load_address>0x4994</load_address>
         <run_address>0x4994</run_address>
         <size>0x15b</size>
         <input_file_ref idref="fl-c"/>
      </object_component>
      <object_component id="oc-1f9">
         <name>.debug_info</name>
         <load_address>0x4aef</load_address>
         <run_address>0x4aef</run_address>
         <size>0x2b3</size>
         <input_file_ref idref="fl-c"/>
      </object_component>
      <object_component id="oc-1ff">
         <name>.debug_info</name>
         <load_address>0x4da2</load_address>
         <run_address>0x4da2</run_address>
         <size>0x316</size>
         <input_file_ref idref="fl-c"/>
      </object_component>
      <object_component id="oc-139">
         <name>.debug_info</name>
         <load_address>0x50b8</load_address>
         <run_address>0x50b8</run_address>
         <size>0x27b</size>
         <input_file_ref idref="fl-c"/>
      </object_component>
      <object_component id="oc-133">
         <name>.debug_info</name>
         <load_address>0x5333</load_address>
         <run_address>0x5333</run_address>
         <size>0x279</size>
         <input_file_ref idref="fl-c"/>
      </object_component>
      <object_component id="oc-12d">
         <name>.debug_info</name>
         <load_address>0x55ac</load_address>
         <run_address>0x55ac</run_address>
         <size>0x280</size>
         <input_file_ref idref="fl-c"/>
      </object_component>
      <object_component id="oc-1ae">
         <name>.debug_info</name>
         <load_address>0x582c</load_address>
         <run_address>0x582c</run_address>
         <size>0x20e</size>
         <input_file_ref idref="fl-d"/>
      </object_component>
      <object_component id="oc-1ab">
         <name>.debug_info</name>
         <load_address>0x5a3a</load_address>
         <run_address>0x5a3a</run_address>
         <size>0x210</size>
         <input_file_ref idref="fl-d"/>
      </object_component>
      <object_component id="oc-e9">
         <name>.debug_info</name>
         <load_address>0x5c4a</load_address>
         <run_address>0x5c4a</run_address>
         <size>0x23e</size>
         <input_file_ref idref="fl-d"/>
      </object_component>
      <object_component id="oc-e3">
         <name>.debug_info</name>
         <load_address>0x5e88</load_address>
         <run_address>0x5e88</run_address>
         <size>0x240</size>
         <input_file_ref idref="fl-d"/>
      </object_component>
      <object_component id="oc-99">
         <name>.debug_info</name>
         <load_address>0x60c8</load_address>
         <run_address>0x60c8</run_address>
         <size>0x268</size>
         <input_file_ref idref="fl-d"/>
      </object_component>
      <object_component id="oc-8a">
         <name>.debug_info</name>
         <load_address>0x6330</load_address>
         <run_address>0x6330</run_address>
         <size>0x26a</size>
         <input_file_ref idref="fl-d"/>
      </object_component>
      <object_component id="oc-2af">
         <name>.debug_info</name>
         <load_address>0x659a</load_address>
         <run_address>0x659a</run_address>
         <size>0x1ed</size>
         <input_file_ref idref="fl-e"/>
      </object_component>
      <object_component id="oc-239">
         <name>.debug_info</name>
         <load_address>0x6787</load_address>
         <run_address>0x6787</run_address>
         <size>0x2f6</size>
         <input_file_ref idref="fl-e"/>
      </object_component>
      <object_component id="oc-245">
         <name>.debug_info</name>
         <load_address>0x6a7d</load_address>
         <run_address>0x6a7d</run_address>
         <size>0x2c4</size>
         <input_file_ref idref="fl-e"/>
      </object_component>
      <object_component id="oc-233">
         <name>.debug_info</name>
         <load_address>0x6d41</load_address>
         <run_address>0x6d41</run_address>
         <size>0x2b6</size>
         <input_file_ref idref="fl-e"/>
      </object_component>
      <object_component id="oc-23f">
         <name>.debug_info</name>
         <load_address>0x6ff7</load_address>
         <run_address>0x6ff7</run_address>
         <size>0x276</size>
         <input_file_ref idref="fl-e"/>
      </object_component>
      <object_component id="oc-22d">
         <name>.debug_info</name>
         <load_address>0x726d</load_address>
         <run_address>0x726d</run_address>
         <size>0x2b3</size>
         <input_file_ref idref="fl-e"/>
      </object_component>
      <object_component id="oc-1b4">
         <name>.debug_info</name>
         <load_address>0x7520</load_address>
         <run_address>0x7520</run_address>
         <size>0x298</size>
         <input_file_ref idref="fl-f"/>
      </object_component>
      <object_component id="oc-208">
         <name>.debug_info</name>
         <load_address>0x77b8</load_address>
         <run_address>0x77b8</run_address>
         <size>0x14d</size>
         <input_file_ref idref="fl-f"/>
      </object_component>
      <object_component id="oc-a0">
         <name>.debug_info</name>
         <load_address>0x7905</load_address>
         <run_address>0x7905</run_address>
         <size>0x283</size>
         <input_file_ref idref="fl-f"/>
      </object_component>
      <object_component id="oc-a6">
         <name>.debug_info</name>
         <load_address>0x7b88</load_address>
         <run_address>0x7b88</run_address>
         <size>0x27d</size>
         <input_file_ref idref="fl-f"/>
      </object_component>
      <object_component id="oc-122">
         <name>.debug_info</name>
         <load_address>0x7e05</load_address>
         <run_address>0x7e05</run_address>
         <size>0x263</size>
         <input_file_ref idref="fl-f"/>
      </object_component>
      <object_component id="oc-11b">
         <name>.debug_info</name>
         <load_address>0x8068</load_address>
         <run_address>0x8068</run_address>
         <size>0x2db</size>
         <input_file_ref idref="fl-f"/>
      </object_component>
      <object_component id="oc-145">
         <name>.debug_info</name>
         <load_address>0x8343</load_address>
         <run_address>0x8343</run_address>
         <size>0x2b5</size>
         <input_file_ref idref="fl-f"/>
      </object_component>
      <object_component id="oc-279">
         <name>.debug_info</name>
         <load_address>0x85f8</load_address>
         <run_address>0x85f8</run_address>
         <size>0x5f</size>
         <input_file_ref idref="fl-f"/>
      </object_component>
      <object_component id="oc-1f2">
         <name>.debug_info</name>
         <load_address>0x8657</load_address>
         <run_address>0x8657</run_address>
         <size>0x223</size>
         <input_file_ref idref="fl-10"/>
      </object_component>
      <object_component id="oc-151">
         <name>.debug_info</name>
         <load_address>0x887a</load_address>
         <run_address>0x887a</run_address>
         <size>0x2ba</size>
         <input_file_ref idref="fl-10"/>
      </object_component>
      <object_component id="oc-157">
         <name>.debug_info</name>
         <load_address>0x8b34</load_address>
         <run_address>0x8b34</run_address>
         <size>0x294</size>
         <input_file_ref idref="fl-10"/>
      </object_component>
      <object_component id="oc-127">
         <name>.debug_info</name>
         <load_address>0x8dc8</load_address>
         <run_address>0x8dc8</run_address>
         <size>0x292</size>
         <input_file_ref idref="fl-10"/>
      </object_component>
      <object_component id="oc-15d">
         <name>.debug_info</name>
         <load_address>0x905a</load_address>
         <run_address>0x905a</run_address>
         <size>0x27f</size>
         <input_file_ref idref="fl-10"/>
      </object_component>
      <object_component id="oc-14b">
         <name>.debug_info</name>
         <load_address>0x92d9</load_address>
         <run_address>0x92d9</run_address>
         <size>0x28c</size>
         <input_file_ref idref="fl-10"/>
      </object_component>
      <object_component id="oc-1b0">
         <name>.debug_info</name>
         <load_address>0x9565</load_address>
         <run_address>0x9565</run_address>
         <size>0x227</size>
         <input_file_ref idref="fl-11"/>
      </object_component>
      <object_component id="oc-94">
         <name>.debug_info</name>
         <load_address>0x978c</load_address>
         <run_address>0x978c</run_address>
         <size>0x253</size>
         <input_file_ref idref="fl-11"/>
      </object_component>
      <object_component id="oc-f4">
         <name>.debug_info</name>
         <load_address>0x99df</load_address>
         <run_address>0x99df</run_address>
         <size>0x27f</size>
         <input_file_ref idref="fl-11"/>
      </object_component>
      <object_component id="oc-bf">
         <name>.debug_info</name>
         <load_address>0x9c5e</load_address>
         <run_address>0x9c5e</run_address>
         <size>0x28f</size>
         <input_file_ref idref="fl-11"/>
      </object_component>
      <object_component id="oc-b9">
         <name>.debug_info</name>
         <load_address>0x9eed</load_address>
         <run_address>0x9eed</run_address>
         <size>0x291</size>
         <input_file_ref idref="fl-11"/>
      </object_component>
      <object_component id="oc-fa">
         <name>.debug_info</name>
         <load_address>0xa17e</load_address>
         <run_address>0xa17e</run_address>
         <size>0x28d</size>
         <input_file_ref idref="fl-11"/>
      </object_component>
      <object_component id="oc-b3">
         <name>.debug_info</name>
         <load_address>0xa40b</load_address>
         <run_address>0xa40b</run_address>
         <size>0x2cf</size>
         <input_file_ref idref="fl-11"/>
      </object_component>
      <object_component id="oc-c5">
         <name>.debug_info</name>
         <load_address>0xa6da</load_address>
         <run_address>0xa6da</run_address>
         <size>0x247</size>
         <input_file_ref idref="fl-11"/>
      </object_component>
      <object_component id="oc-1b9">
         <name>.debug_info</name>
         <load_address>0xa921</load_address>
         <run_address>0xa921</run_address>
         <size>0x249</size>
         <input_file_ref idref="fl-11"/>
      </object_component>
      <object_component id="oc-ad">
         <name>.debug_info</name>
         <load_address>0xab6a</load_address>
         <run_address>0xab6a</run_address>
         <size>0x326</size>
         <input_file_ref idref="fl-11"/>
      </object_component>
      <object_component id="oc-141">
         <name>.debug_info</name>
         <load_address>0xae90</load_address>
         <run_address>0xae90</run_address>
         <size>0x291</size>
         <input_file_ref idref="fl-11"/>
      </object_component>
      <object_component id="oc-106">
         <name>.debug_info</name>
         <load_address>0xb121</load_address>
         <run_address>0xb121</run_address>
         <size>0x253</size>
         <input_file_ref idref="fl-11"/>
      </object_component>
      <object_component id="oc-8f">
         <name>.debug_info</name>
         <load_address>0xb374</load_address>
         <run_address>0xb374</run_address>
         <size>0x28d</size>
         <input_file_ref idref="fl-11"/>
      </object_component>
      <object_component id="oc-100">
         <name>.debug_info</name>
         <load_address>0xb601</load_address>
         <run_address>0xb601</run_address>
         <size>0x263</size>
         <input_file_ref idref="fl-11"/>
      </object_component>
      <object_component id="oc-1df">
         <name>.debug_info</name>
         <load_address>0xb864</load_address>
         <run_address>0xb864</run_address>
         <size>0x212</size>
         <input_file_ref idref="fl-12"/>
      </object_component>
      <object_component id="oc-1d7">
         <name>.debug_info</name>
         <load_address>0xba76</load_address>
         <run_address>0xba76</run_address>
         <size>0x20f</size>
         <input_file_ref idref="fl-12"/>
      </object_component>
      <object_component id="oc-25">
         <name>.debug_info</name>
         <load_address>0xbc85</load_address>
         <run_address>0xbc85</run_address>
         <size>0x160</size>
         <input_file_ref idref="fl-c8"/>
      </object_component>
      <object_component id="oc-17c">
         <name>.debug_info</name>
         <load_address>0xbde5</load_address>
         <run_address>0xbde5</run_address>
         <size>0x293</size>
         <input_file_ref idref="fl-c9"/>
      </object_component>
      <object_component id="oc-14">
         <name>.debug_info</name>
         <load_address>0xc078</load_address>
         <run_address>0xc078</run_address>
         <size>0x245</size>
         <input_file_ref idref="fl-c9"/>
      </object_component>
      <object_component id="oc-41">
         <name>.debug_info</name>
         <load_address>0xc2bd</load_address>
         <run_address>0xc2bd</run_address>
         <size>0x60</size>
         <input_file_ref idref="fl-c9"/>
      </object_component>
      <object_component id="oc-177">
         <name>.debug_info</name>
         <load_address>0xc31d</load_address>
         <run_address>0xc31d</run_address>
         <size>0x46</size>
         <input_file_ref idref="fl-c9"/>
      </object_component>
      <object_component id="oc-56">
         <name>.debug_info</name>
         <load_address>0xc363</load_address>
         <run_address>0xc363</run_address>
         <size>0x2da</size>
         <input_file_ref idref="fl-ca"/>
      </object_component>
      <object_component id="oc-1b">
         <name>.debug_info</name>
         <load_address>0xc63d</load_address>
         <run_address>0xc63d</run_address>
         <size>0x1df</size>
         <input_file_ref idref="fl-ca"/>
      </object_component>
      <object_component id="oc-51">
         <name>.debug_info</name>
         <load_address>0xc81c</load_address>
         <run_address>0xc81c</run_address>
         <size>0x46</size>
         <input_file_ref idref="fl-ca"/>
      </object_component>
      <object_component id="oc-17e">
         <name>.debug_info</name>
         <load_address>0xc862</load_address>
         <run_address>0xc862</run_address>
         <size>0x2c</size>
         <input_file_ref idref="fl-ca"/>
      </object_component>
      <object_component id="oc-62">
         <name>.debug_info</name>
         <load_address>0xc88e</load_address>
         <run_address>0xc88e</run_address>
         <size>0x2c9</size>
         <input_file_ref idref="fl-cb"/>
      </object_component>
      <object_component id="oc-21">
         <name>.debug_info</name>
         <load_address>0xcb57</load_address>
         <run_address>0xcb57</run_address>
         <size>0x1aa</size>
         <input_file_ref idref="fl-cb"/>
      </object_component>
      <object_component id="oc-5d">
         <name>.debug_info</name>
         <load_address>0xcd01</load_address>
         <run_address>0xcd01</run_address>
         <size>0x46</size>
         <input_file_ref idref="fl-cb"/>
      </object_component>
      <object_component id="oc-1a6">
         <name>.debug_info</name>
         <load_address>0xcd47</load_address>
         <run_address>0xcd47</run_address>
         <size>0x3ce</size>
         <input_file_ref idref="fl-cc"/>
      </object_component>
      <object_component id="oc-1a0">
         <name>.debug_info</name>
         <load_address>0xd115</load_address>
         <run_address>0xd115</run_address>
         <size>0x185</size>
         <input_file_ref idref="fl-cc"/>
      </object_component>
      <object_component id="oc-7c">
         <name>.debug_info</name>
         <load_address>0xd29a</load_address>
         <run_address>0xd29a</run_address>
         <size>0x214</size>
         <input_file_ref idref="fl-cc"/>
      </object_component>
      <object_component id="oc-4c">
         <name>.debug_info</name>
         <load_address>0xd4ae</load_address>
         <run_address>0xd4ae</run_address>
         <size>0x111</size>
         <input_file_ref idref="fl-cd"/>
      </object_component>
      <object_component id="oc-59">
         <name>.debug_info</name>
         <load_address>0xd5bf</load_address>
         <run_address>0xd5bf</run_address>
         <size>0x13f</size>
         <input_file_ref idref="fl-ce"/>
      </object_component>
      <object_component id="oc-66">
         <name>.debug_info</name>
         <load_address>0xd6fe</load_address>
         <run_address>0xd6fe</run_address>
         <size>0x138</size>
         <input_file_ref idref="fl-cf"/>
      </object_component>
      <object_component id="oc-6b">
         <name>.debug_info</name>
         <load_address>0xd836</load_address>
         <run_address>0xd836</run_address>
         <size>0x148</size>
         <input_file_ref idref="fl-d0"/>
      </object_component>
      <object_component id="oc-2a1">
         <name>.debug_info</name>
         <load_address>0xd97e</load_address>
         <run_address>0xd97e</run_address>
         <size>0x355</size>
         <input_file_ref idref="fl-d1"/>
      </object_component>
      <object_component id="oc-21a">
         <name>.debug_info</name>
         <load_address>0xdcd3</load_address>
         <run_address>0xdcd3</run_address>
         <size>0x2e4</size>
         <input_file_ref idref="fl-d1"/>
      </object_component>
      <object_component id="oc-323">
         <name>.debug_info</name>
         <load_address>0xdfb7</load_address>
         <run_address>0xdfb7</run_address>
         <size>0x2c</size>
         <input_file_ref idref="fl-d1"/>
      </object_component>
      <object_component id="oc-2ad">
         <name>.debug_info</name>
         <load_address>0xdfe3</load_address>
         <run_address>0xdfe3</run_address>
         <size>0x36f</size>
         <input_file_ref idref="fl-d2"/>
      </object_component>
      <object_component id="oc-226">
         <name>.debug_info</name>
         <load_address>0xe352</load_address>
         <run_address>0xe352</run_address>
         <size>0x40a</size>
         <input_file_ref idref="fl-d2"/>
      </object_component>
      <object_component id="oc-82">
         <name>.debug_info</name>
         <load_address>0xe75c</load_address>
         <run_address>0xe75c</run_address>
         <size>0x109</size>
         <input_file_ref idref="fl-d3"/>
      </object_component>
      <object_component id="oc-214">
         <name>.debug_info</name>
         <load_address>0xe865</load_address>
         <run_address>0xe865</run_address>
         <size>0x2ab</size>
         <input_file_ref idref="fl-d4"/>
      </object_component>
      <object_component id="oc-169">
         <name>.debug_info</name>
         <load_address>0xeb10</load_address>
         <run_address>0xeb10</run_address>
         <size>0x149</size>
         <input_file_ref idref="fl-d4"/>
      </object_component>
      <object_component id="oc-df">
         <name>.debug_info</name>
         <load_address>0xec59</load_address>
         <run_address>0xec59</run_address>
         <size>0x13a</size>
         <input_file_ref idref="fl-d5"/>
      </object_component>
      <object_component id="oc-26d">
         <name>.debug_info</name>
         <load_address>0xed93</load_address>
         <run_address>0xed93</run_address>
         <size>0x2be</size>
         <input_file_ref idref="fl-d6"/>
      </object_component>
      <object_component id="oc-1a3">
         <name>.debug_info</name>
         <load_address>0xf051</load_address>
         <run_address>0xf051</run_address>
         <size>0x113</size>
         <input_file_ref idref="fl-d6"/>
      </object_component>
      <object_component id="oc-266">
         <name>.debug_info</name>
         <load_address>0xf164</load_address>
         <run_address>0xf164</run_address>
         <size>0x21f</size>
         <input_file_ref idref="fl-d6"/>
      </object_component>
      <object_component id="oc-318">
         <name>.debug_info</name>
         <load_address>0xf383</load_address>
         <run_address>0xf383</run_address>
         <size>0x51f</size>
         <input_file_ref idref="fl-d7"/>
      </object_component>
      <object_component id="oc-29b">
         <name>.debug_info</name>
         <load_address>0xf8a2</load_address>
         <run_address>0xf8a2</run_address>
         <size>0x1543</size>
         <input_file_ref idref="fl-d7"/>
      </object_component>
      <object_component id="oc-319">
         <name>.debug_info</name>
         <load_address>0x10de5</load_address>
         <run_address>0x10de5</run_address>
         <size>0x86</size>
         <input_file_ref idref="fl-d7"/>
      </object_component>
      <object_component id="oc-38c">
         <name>.debug_info</name>
         <load_address>0x10e6b</load_address>
         <run_address>0x10e6b</run_address>
         <size>0x46</size>
         <input_file_ref idref="fl-d7"/>
      </object_component>
      <object_component id="oc-31e">
         <name>.debug_info</name>
         <load_address>0x10eb1</load_address>
         <run_address>0x10eb1</run_address>
         <size>0x39</size>
         <input_file_ref idref="fl-d7"/>
      </object_component>
      <object_component id="oc-35b">
         <name>.debug_info</name>
         <load_address>0x10eea</load_address>
         <run_address>0x10eea</run_address>
         <size>0x5cf</size>
         <input_file_ref idref="fl-d8"/>
      </object_component>
      <object_component id="oc-2a7">
         <name>.debug_info</name>
         <load_address>0x114b9</load_address>
         <run_address>0x114b9</run_address>
         <size>0x821</size>
         <input_file_ref idref="fl-d8"/>
      </object_component>
      <object_component id="oc-35d">
         <name>.debug_info</name>
         <load_address>0x11cda</load_address>
         <run_address>0x11cda</run_address>
         <size>0x9a</size>
         <input_file_ref idref="fl-d8"/>
      </object_component>
      <object_component id="oc-19e">
         <name>.debug_info</name>
         <load_address>0x11d74</load_address>
         <run_address>0x11d74</run_address>
         <size>0x300</size>
         <input_file_ref idref="fl-d9"/>
      </object_component>
      <object_component id="oc-76">
         <name>.debug_info</name>
         <load_address>0x12074</load_address>
         <run_address>0x12074</run_address>
         <size>0x167</size>
         <input_file_ref idref="fl-d9"/>
      </object_component>
      <object_component id="oc-25e">
         <name>.debug_info</name>
         <load_address>0x121db</load_address>
         <run_address>0x121db</run_address>
         <size>0x5e</size>
         <input_file_ref idref="fl-d9"/>
      </object_component>
      <object_component id="oc-387">
         <name>.debug_info</name>
         <load_address>0x12239</load_address>
         <run_address>0x12239</run_address>
         <size>0x2ae</size>
         <input_file_ref idref="fl-da"/>
      </object_component>
      <object_component id="oc-30c">
         <name>.debug_info</name>
         <load_address>0x124e7</load_address>
         <run_address>0x124e7</run_address>
         <size>0x171</size>
         <input_file_ref idref="fl-da"/>
      </object_component>
      <object_component id="oc-19c">
         <name>.debug_info</name>
         <load_address>0x12658</load_address>
         <run_address>0x12658</run_address>
         <size>0x483</size>
         <input_file_ref idref="fl-db"/>
      </object_component>
      <object_component id="oc-70">
         <name>.debug_info</name>
         <load_address>0x12adb</load_address>
         <run_address>0x12adb</run_address>
         <size>0x190</size>
         <input_file_ref idref="fl-db"/>
      </object_component>
      <object_component id="oc-252">
         <name>.debug_info</name>
         <load_address>0x12c6b</load_address>
         <run_address>0x12c6b</run_address>
         <size>0x39</size>
         <input_file_ref idref="fl-db"/>
      </object_component>
      <object_component id="oc-2bb">
         <name>.debug_info</name>
         <load_address>0x12ca4</load_address>
         <run_address>0x12ca4</run_address>
         <size>0x39</size>
         <input_file_ref idref="fl-db"/>
      </object_component>
      <object_component id="oc-257">
         <name>.debug_info</name>
         <load_address>0x12cdd</load_address>
         <run_address>0x12cdd</run_address>
         <size>0xcd</size>
         <input_file_ref idref="fl-db"/>
      </object_component>
      <object_component id="oc-24e">
         <name>.debug_info</name>
         <load_address>0x12daa</load_address>
         <run_address>0x12daa</run_address>
         <size>0x37a</size>
         <input_file_ref idref="fl-dc"/>
      </object_component>
      <object_component id="oc-190">
         <name>.debug_info</name>
         <load_address>0x13124</load_address>
         <run_address>0x13124</run_address>
         <size>0x183</size>
         <input_file_ref idref="fl-dc"/>
      </object_component>
      <object_component id="oc-2b6">
         <name>.debug_info</name>
         <load_address>0x132a7</load_address>
         <run_address>0x132a7</run_address>
         <size>0x2c</size>
         <input_file_ref idref="fl-dc"/>
      </object_component>
      <object_component id="oc-290">
         <name>.debug_info</name>
         <load_address>0x132d3</load_address>
         <run_address>0x132d3</run_address>
         <size>0xee</size>
         <input_file_ref idref="fl-dd"/>
      </object_component>
[...]
      <symbol id="sm-202">
         <name>UARTEchoSet</name>
         <value>0x232d</value>
         <object_component_ref idref="oc-31"/>
      </symbol>
      <symbol id="sm-203">
         <name>UARTprintf</name>
         <value>0x2237</value>
         <object_component_ref idref="oc-31"/>
      </symbol>
      <symbol id="sm-204">
         <name>UARTvprintf</name>
         <value>0x1f3d</value>
         <object_component_ref idref="oc-31"/>
      </symbol>
      <symbol id="sm-23e">
         <name>GPIOPinTypePWM</name>
         <value>0x4b05</value>
         <object_component_ref idref="oc-132"/>
      </symbol>
      <symbol id="sm-23f">
         <name>GPIOPinConfigure</name>
         <value>0x47a1</value>
         <object_component_ref idref="oc-12c"/>
      </symbol>
      <symbol id="sm-240">
         <name>GPIOPinTypeUART</name>
         <value>0x4b17</value>
         <object_component_ref idref="oc-138"/>
      </symbol>
      <symbol id="sm-241">
         <name>GPIODirModeSet</name>
         <value>0x4985</value>
         <object_component_ref idref="oc-1f8"/>
      </symbol>
      <symbol id="sm-242">
         <name>GPIOPadConfigSet</name>
         <value>0x399d</value>
         <object_component_ref idref="oc-1fe"/>
      </symbol>
      <symbol id="sm-28e">
         <name>IntEnable</name>
         <value>0x4419</value>
         <object_component_ref idref="oc-98"/>
      </symbol>
      <symbol id="sm-28f">
         <name>IntDisable</name>
         <value>0x43b1</value>
         <object_component_ref idref="oc-86"/>
      </symbol>
      <symbol id="sm-290">
         <name>IntMasterDisable</name>
         <value>0x4b4d</value>
         <object_component_ref idref="oc-e2"/>
      </symbol>
      <symbol id="sm-291">
         <name>IntMasterEnable</name>
         <value>0x4b5d</value>
         <object_component_ref idref="oc-e8"/>
      </symbol>
      <symbol id="sm-2be">
         <name>PWMGenPeriodSet</name>
         <value>0x4b6d</value>
         <object_component_ref idref="oc-232"/>
      </symbol>
      <symbol id="sm-2bf">
         <name>PWMPulseWidthSet</name>
         <value>0x49f1</value>
         <object_component_ref idref="oc-238"/>
      </symbol>
      <symbol id="sm-2c0">
         <name>PWMOutputState</name>
         <value>0x4b29</value>
         <object_component_ref idref="oc-244"/>
      </symbol>
      <symbol id="sm-2c1">
         <name>PWMGenEnable</name>
         <value>0x4bf9</value>
         <object_component_ref idref="oc-23e"/>
      </symbol>
      <symbol id="sm-2c2">
         <name>PWMGenConfigure</name>
         <value>0x49af</value>
         <object_component_ref idref="oc-22c"/>
      </symbol>
      <symbol id="sm-329">
         <name>SysCtlPeripheralPresent</name>
         <value>0x48b9</value>
         <object_component_ref idref="oc-9e"/>
      </symbol>
      <symbol id="sm-32a">
         <name>SysCtlClockSet</name>
         <value>0x3eed</value>
         <object_component_ref idref="oc-11a"/>
      </symbol>
      <symbol id="sm-32b">
         <name>SysCtlDelay</name>
         <value>0x4c41</value>
         <object_component_ref idref="oc-1ee"/>
      </symbol>
      <symbol id="sm-32c">
         <name>SysCtlPeripheralEnable</name>
         <value>0x48f1</value>
         <object_component_ref idref="oc-a4"/>
      </symbol>
      <symbol id="sm-32d">
         <name>SysCtlClockGet</name>
         <value>0x3be5</value>
         <object_component_ref idref="oc-144"/>
      </symbol>
      <symbol id="sm-32e">
         <name>SysCtlPWMClockSet</name>
         <value>0x4a8d</value>
         <object_component_ref idref="oc-120"/>
      </symbol>
      <symbol id="sm-362">
         <name>TimerLoadSet</name>
         <value>0x4b3b</value>
         <object_component_ref idref="oc-150"/>
      </symbol>
      <symbol id="sm-363">
         <name>TimerEnable</name>
         <value>0x4b8d</value>
         <object_component_ref idref="oc-15c"/>
      </symbol>
      <symbol id="sm-364">
         <name>TimerIntEnable</name>
         <value>0x4c31</value>
         <object_component_ref idref="oc-156"/>
      </symbol>
      <symbol id="sm-365">
         <name>TimerConfigure</name>
         <value>0x454d</value>
         <object_component_ref idref="oc-14a"/>
      </symbol>
      <symbol id="sm-366">
         <name>TimerIntClear</name>
         <value>0x4c53</value>
         <object_component_ref idref="oc-126"/>
      </symbol>
      <symbol id="sm-3d7">
         <name>UARTCharPutNonBlocking</name>
         <value>0x4ba9</value>
         <object_component_ref idref="oc-8c"/>
      </symbol>
      <symbol id="sm-3d8">
         <name>UARTConfigSetExpClk</name>
         <value>0x4831</value>
         <object_component_ref idref="oc-aa"/>
      </symbol>
      <symbol id="sm-3d9">
         <name>UARTDisable</name>
         <value>0x49d1</value>
         <object_component_ref idref="oc-1b6"/>
      </symbol>
      <symbol id="sm-3da">
         <name>UARTIntEnable</name>
         <value>0x4c39</value>
         <object_component_ref idref="oc-bc"/>
      </symbol>
      <symbol id="sm-3db">
         <name>UARTCharsAvail</name>
         <value>0x4bb7</value>
         <object_component_ref idref="oc-103"/>
      </symbol>
      <symbol id="sm-3dc">
         <name>UARTCharGetNonBlocking</name>
         <value>0x4b9b</value>
         <object_component_ref idref="oc-fd"/>
      </symbol>
      <symbol id="sm-3dd">
         <name>UARTClockSourceSet</name>
         <value>0x4c47</value>
         <object_component_ref idref="oc-13e"/>
      </symbol>
      <symbol id="sm-3de">
         <name>UARTIntDisable</name>
         <value>0x4c1d</value>
         <object_component_ref idref="oc-b6"/>
      </symbol>
      <symbol id="sm-3df">
         <name>UARTEnable</name>
         <value>0x4aa1</value>
         <object_component_ref idref="oc-c2"/>
      </symbol>
      <symbol id="sm-3e0">
         <name>UARTIntClear</name>
         <value>0x4c57</value>
         <object_component_ref idref="oc-f7"/>
      </symbol>
      <symbol id="sm-3e1">
         <name>UARTIntStatus</name>
         <value>0x4c27</value>
         <object_component_ref idref="oc-f1"/>
      </symbol>
      <symbol id="sm-3e2">
         <name>UARTSpaceAvail</name>
         <value>0x4bc5</value>
         <object_component_ref idref="oc-92"/>
      </symbol>
      <symbol id="sm-3e3">
         <name>UARTFIFOLevelSet</name>
         <value>0x4c4d</value>
         <object_component_ref idref="oc-b0"/>
      </symbol>
      <symbol id="sm-3f5">
         <name>CPUcpsie</name>
         <value>0x4bed</value>
         <object_component_ref idref="oc-1dd"/>
      </symbol>
      <symbol id="sm-3f6">
         <name>CPUcpsid</name>
         <value>0x4be1</value>
         <object_component_ref idref="oc-1d6"/>
      </symbol>
      <symbol id="sm-407">
         <name>_c_int00</name>
         <value>0x460d</value>
         <object_component_ref idref="oc-24"/>
      </symbol>
      <symbol id="sm-408">
         <name>__stack</name>
         <value>0x200004a4</value>
         <object_component_ref idref="oc-2a"/>
      </symbol>
      <symbol id="sm-426">
         <name>__TI_decompress_lzss</name>
         <value>0x4481</value>
         <object_component_ref idref="oc-12"/>
      </symbol>
      <symbol id="sm-43d">
         <name>__TI_decompress_none</name>
         <value>0x4bd3</value>
         <object_component_ref idref="oc-18"/>
      </symbol>
      <symbol id="sm-44f">
         <name>__TI_zero_init</name>
         <value>0x4c05</value>
         <object_component_ref idref="oc-1e"/>
      </symbol>
      <symbol id="sm-470">
         <name>C$$EXIT</name>
         <value>0x4661</value>
         <object_component_ref idref="oc-7b"/>
      </symbol>
      <symbol id="sm-471">
         <name>abort</name>
         <value>0x4665</value>
         <object_component_ref idref="oc-7b"/>
      </symbol>
      <symbol id="sm-472">
         <name>exit</name>
         <value>0x466d</value>
         <object_component_ref idref="oc-7b"/>
      </symbol>
      <symbol id="sm-473">
         <name>__TI_dtors_ptr</name>
         <value>0x200008c0</value>
         <object_component_ref idref="oc-19f"/>
      </symbol>
      <symbol id="sm-474">
         <name>__TI_cleanup_ptr</name>
         <value>0x200008bc</value>
         <object_component_ref idref="oc-19f"/>
      </symbol>
      <symbol id="sm-475">
         <name>__TI_enable_exit_profile_output</name>
         <value>0x200008c4</value>
         <object_component_ref idref="oc-19f"/>
      </symbol>
      <symbol id="sm-490">
         <name>memcpy</name>
         <value>0x40ad</value>
         <object_component_ref idref="oc-4b"/>
      </symbol>
      <symbol id="sm-491">
         <name>__aeabi_memcpy</name>
         <value>0x40ad</value>
         <object_component_ref idref="oc-4b"/>
      </symbol>
      <symbol id="sm-492">
         <name>__aeabi_memcpy8</name>
         <value>0x40ad</value>
         <object_component_ref idref="oc-4b"/>
      </symbol>
      <symbol id="sm-493">
         <name>__aeabi_memcpy4</name>
         <value>0x40ad</value>
         <object_component_ref idref="oc-4b"/>
      </symbol>
      <symbol id="sm-4a2">
         <name>__aeabi_memset</name>
         <value>0x4257</value>
         <object_component_ref idref="oc-57"/>
      </symbol>
      <symbol id="sm-4a3">
         <name>memset</name>
         <value>0x425d</value>
         <object_component_ref idref="oc-57"/>
      </symbol>
      <symbol id="sm-4a4">
         <name>__aeabi_memset8</name>
         <value>0x4257</value>
         <object_component_ref idref="oc-57"/>
      </symbol>
      <symbol id="sm-4a5">
         <name>__aeabi_memset4</name>
         <value>0x4257</value>
         <object_component_ref idref="oc-57"/>
      </symbol>
      <symbol id="sm-4a6">
         <name>__aeabi_memclr8</name>
         <value>0x4255</value>
         <object_component_ref idref="oc-57"/>
      </symbol>
      <symbol id="sm-4a7">
         <name>__aeabi_memclr4</name>
         <value>0x4255</value>
         <object_component_ref idref="oc-57"/>
      </symbol>
      <symbol id="sm-4a8">
         <name>__aeabi_memclr</name>
         <value>0x4255</value>
         <object_component_ref idref="oc-57"/>
      </symbol>
      <symbol id="sm-4b2">
         <name>__mpu_init</name>
         <value>0x35d3</value>
         <object_component_ref idref="oc-63"/>
      </symbol>
      <symbol id="sm-4bc">
         <name>_system_pre_init</name>
         <value>0x4c5b</value>
         <object_component_ref idref="oc-69"/>
      </symbol>
      <symbol id="sm-4d5">
         <name>sprintf</name>
         <value>0x45ad</value>
         <object_component_ref idref="oc-219"/>
      </symbol>
      <symbol id="sm-4f7">
         <name>sscanf</name>
         <value>0x3ff3</value>
         <object_component_ref idref="oc-225"/>
      </symbol>
      <symbol id="sm-4f8">
         <name>vsscanf</name>
         <value>0x3fe1</value>
         <object_component_ref idref="oc-225"/>
      </symbol>
      <symbol id="sm-500">
         <name>main_func_sp</name>
         <value>0x200008d4</value>
         <object_component_ref idref="oc-81"/>
      </symbol>
      <symbol id="sm-50f">
         <name>toupper</name>
         <value>0x4b7d</value>
         <object_component_ref idref="oc-168"/>
      </symbol>
      <symbol id="sm-51e">
         <name>__aeabi_uidivmod</name>
         <value>0x4877</value>
         <object_component_ref idref="oc-dd"/>
      </symbol>
      <symbol id="sm-51f">
         <name>__aeabi_uidiv</name>
         <value>0x4877</value>
         <object_component_ref idref="oc-dd"/>
      </symbol>
      <symbol id="sm-538">
         <name>_nop</name>
         <value>0x4ac3</value>
         <object_component_ref idref="oc-265"/>
      </symbol>
      <symbol id="sm-539">
         <name>_lock</name>
         <value>0x200008c8</value>
         <object_component_ref idref="oc-1a2"/>
      </symbol>
      <symbol id="sm-53a">
         <name>_unlock</name>
         <value>0x200008cc</value>
         <object_component_ref idref="oc-1a2"/>
      </symbol>
      <symbol id="sm-53b">
         <name>_register_lock</name>
         <value>0x4abb</value>
         <object_component_ref idref="oc-265"/>
      </symbol>
      <symbol id="sm-53c">
         <name>_register_unlock</name>
         <value>0x4ab5</value>
         <object_component_ref idref="oc-265"/>
      </symbol>
      <symbol id="sm-63d">
         <name>__TI_printfi</name>
         <value>0xab1</value>
         <object_component_ref idref="oc-29a"/>
      </symbol>
      <symbol id="sm-6ce">
         <name>__TI_scanfi</name>
         <value>0x13ad</value>
         <object_component_ref idref="oc-2a6"/>
      </symbol>
      <symbol id="sm-6e2">
         <name>_args_main</name>
         <value>0x4a2d</value>
         <object_component_ref idref="oc-75"/>
      </symbol>
      <symbol id="sm-6f8">
         <name>atoi</name>
         <value>0x4709</value>
         <object_component_ref idref="oc-30b"/>
      </symbol>
      <symbol id="sm-722">
         <name>__TI_auto_init</name>
         <value>0x42d1</value>
         <object_component_ref idref="oc-6f"/>
      </symbol>
      <symbol id="sm-73c">
         <name>copy_in</name>
         <value>0x4755</value>
         <object_component_ref idref="oc-18f"/>
      </symbol>
      <symbol id="sm-747">
         <name>_ctypes_</name>
         <value>0x4c60</value>
         <object_component_ref idref="oc-210"/>
      </symbol>
      <symbol id="sm-75e">
         <name>__aeabi_dsub</name>
         <value>0x341d</value>
         <object_component_ref idref="oc-2f4"/>
      </symbol>
      <symbol id="sm-75f">
         <name>__aeabi_dadd</name>
         <value>0x3427</value>
         <object_component_ref idref="oc-2f4"/>
      </symbol>
      <symbol id="sm-781">
         <name>__aeabi_cdcmpeq</name>
         <value>0x4149</value>
         <object_component_ref idref="oc-2d0"/>
      </symbol>
      <symbol id="sm-782">
         <name>__aeabi_cdcmple</name>
         <value>0x4149</value>
         <object_component_ref idref="oc-2d0"/>
      </symbol>
      <symbol id="sm-783">
         <name>__aeabi_cdrcmple</name>
         <value>0x41cf</value>
         <object_component_ref idref="oc-2df"/>
      </symbol>
      <symbol id="sm-797">
         <name>__aeabi_ddiv</name>
         <value>0x3731</value>
         <object_component_ref idref="oc-2da"/>
      </symbol>
      <symbol id="sm-7a2">
         <name>__aeabi_dmul</name>
         <value>0x3cf5</value>
         <object_component_ref idref="oc-2d5"/>
      </symbol>
      <symbol id="sm-7ac">
         <name>__aeabi_d2iz</name>
         <value>0x47e9</value>
         <object_component_ref idref="oc-2e4"/>
      </symbol>
      <symbol id="sm-7b8">
         <name>__aeabi_d2f</name>
         <value>0x4341</value>
         <object_component_ref idref="oc-342"/>
      </symbol>
      <symbol id="sm-7c2">
         <name>__aeabi_idiv0</name>
         <value>0x13ab</value>
         <object_component_ref idref="oc-1cf"/>
      </symbol>
      <symbol id="sm-7cc">
         <name>__aeabi_i2d</name>
         <value>0x4957</value>
         <object_component_ref idref="oc-2ef"/>
      </symbol>
      <symbol id="sm-7db">
         <name>ltoa</name>
         <value>0x46b5</value>
         <object_component_ref idref="oc-2e9"/>
      </symbol>
      <symbol id="sm-7eb">
         <name>memccpy</name>
         <value>0x4a0f</value>
         <object_component_ref idref="oc-311"/>
      </symbol>
      <symbol id="sm-806">
         <name>frexpl</name>
         <value>0x44e9</value>
         <object_component_ref idref="oc-2f9"/>
      </symbol>
      <symbol id="sm-807">
         <name>frexp</name>
         <value>0x44e9</value>
         <object_component_ref idref="oc-2f9"/>
      </symbol>
      <symbol id="sm-824">
         <name>scalbn</name>
         <value>0x3df1</value>
         <object_component_ref idref="oc-2ff"/>
      </symbol>
      <symbol id="sm-825">
         <name>scalbnl</name>
         <value>0x3df1</value>
         <object_component_ref idref="oc-2ff"/>
      </symbol>
      <symbol id="sm-826">
         <name>ldexpl</name>
         <value>0x3df1</value>
         <object_component_ref idref="oc-2ff"/>
      </symbol>
      <symbol id="sm-827">
         <name>ldexp</name>
         <value>0x3df1</value>
         <object_component_ref idref="oc-2ff"/>
      </symbol>
      <symbol id="sm-831">
         <name>_system_post_cinit</name>
         <value>0x3867</value>
         <object_component_ref idref="oc-195"/>
      </symbol>
      <symbol id="sm-841">
         <name>strchr</name>
         <value>0x4a75</value>
         <object_component_ref idref="oc-305"/>
      </symbol>
      <symbol id="sm-84f">
         <name>strcpy</name>
         <value>0x4add</value>
         <object_component_ref idref="oc-353"/>
      </symbol>
      <symbol id="sm-85d">
         <name>strlen</name>
         <value>0x4af1</value>
         <object_component_ref idref="oc-2ca"/>
      </symbol>
      <symbol id="sm-86c">
         <name>strrchr</name>
         <value>0x4a5d</value>
         <object_component_ref idref="oc-32a"/>
      </symbol>
      <symbol id="sm-8ab">
         <name>strtold</name>
         <value>0x2e11</value>
         <object_component_ref idref="oc-33c"/>
      </symbol>
      <symbol id="sm-8ac">
         <name>strtod</name>
         <value>0x2e11</value>
         <object_component_ref idref="oc-33c"/>
      </symbol>
      <symbol id="sm-8d1">
         <name>strtol</name>
         <value>0x3869</value>
         <object_component_ref idref="oc-347"/>
      </symbol>
      <symbol id="sm-8f8">
         <name>strtoll</name>
         <value>0x3241</value>
         <object_component_ref idref="oc-34d"/>
      </symbol>
      <symbol id="sm-919">
         <name>strtoul</name>
         <value>0x3ad1</value>
         <object_component_ref idref="oc-330"/>
      </symbol>
      <symbol id="sm-93d">
         <name>strtoull</name>
         <value>0x35d5</value>
         <object_component_ref idref="oc-336"/>
      </symbol>
      <symbol id="sm-959">
         <name>__aeabi_uldivmod</name>
         <value>0x304d</value>
         <object_component_ref idref="oc-2c5"/>
      </symbol>
      <symbol id="sm-961">
         <name>errno</name>
         <value>0x200008d0</value>
         <object_component_ref idref="oc-37f"/>
      </symbol>
      <symbol id="sm-96a">
         <name>__aeabi_lmul</name>
         <value>0x4a45</value>
         <object_component_ref idref="oc-395"/>
      </symbol>
      <symbol id="sm-974">
         <name>copysign</name>
         <value>0x4ac9</value>
         <object_component_ref idref="oc-379"/>
      </symbol>
      <symbol id="sm-975">
         <name>copysignl</name>
         <value>0x4ac9</value>
         <object_component_ref idref="oc-379"/>
      </symbol>
      <symbol id="sm-976">
         <name>__TI_static_base__</name>
         <value>0x0</value>
      </symbol>
      <symbol id="sm-979">
         <name>SHT$$INIT_ARRAY$$Limit</name>
         <value>0x0</value>
      </symbol>
      <symbol id="sm-97a">
         <name>SHT$$INIT_ARRAY$$Base</name>
         <value>0x0</value>
      </symbol>
   </symbol_table>
   <title>Link successful</title>
</link_info>
